30-May-2026 02:12:46.522 INFO [main] org.apache.catalina.core.ApplicationContext.log ContextListener: contextInitialized()
30-May-2026 02:12:46.523 INFO [main] org.apache.catalina.core.ApplicationContext.log SessionListener: contextInitialized()
30-May-2026 02:12:46.524 INFO [main] org.apache.catalina.core.ApplicationContext.log ContextListener: attributeAdded('StockTicker', 'async.Stockticker@1849db1a')
30-May-2026 03:02:01.081 INFO [main] org.apache.catalina.core.ApplicationContext.log ContextListener: contextInitialized()
30-May-2026 03:02:01.081 INFO [main] org.apache.catalina.core.ApplicationContext.log SessionListener: contextInitialized()
30-May-2026 03:02:01.082 INFO [main] org.apache.catalina.core.ApplicationContext.log ContextListener: attributeAdded('StockTicker', 'async.Stockticker@1255b1d1')
30-May-2026 03:10:52.011 INFO [main] org.apache.catalina.core.ApplicationContext.log SessionListener: contextDestroyed()
30-May-2026 03:10:52.011 INFO [main] org.apache.catalina.core.ApplicationContext.log ContextListener: contextDestroyed()
30-May-2026 03:10:54.430 INFO [main] org.apache.catalina.core.ApplicationContext.log ContextListener: contextInitialized()
30-May-2026 03:10:54.430 INFO [main] org.apache.catalina.core.ApplicationContext.log SessionListener: contextInitialized()
30-May-2026 03:10:54.432 INFO [main] org.apache.catalina.core.ApplicationContext.log ContextListener: attributeAdded('StockTicker', 'async.Stockticker@3f23a3a0')
30-May-2026 03:20:11.102 INFO [main] org.apache.catalina.core.ApplicationContext.log SessionListener: contextDestroyed()
30-May-2026 03:20:11.102 INFO [main] org.apache.catalina.core.ApplicationContext.log ContextListener: contextDestroyed()
30-May-2026 03:20:58.865 INFO [main] org.apache.catalina.core.ApplicationContext.log ContextListener: contextInitialized()
30-May-2026 03:20:58.866 INFO [main] org.apache.catalina.core.ApplicationContext.log SessionListener: contextInitialized()
30-May-2026 03:20:58.867 INFO [main] org.apache.catalina.core.ApplicationContext.log ContextListener: attributeAdded('StockTicker', 'async.Stockticker@71104a4')
30-May-2026 03:26:10.938 INFO [main] org.apache.catalina.core.ApplicationContext.log SessionListener: contextDestroyed()
30-May-2026 03:26:10.938 INFO [main] org.apache.catalina.core.ApplicationContext.log ContextListener: contextDestroyed()
30-May-2026 03:26:55.305 INFO [main] org.apache.catalina.core.ApplicationContext.log ContextListener: contextInitialized()
30-May-2026 03:26:55.306 INFO [main] org.apache.catalina.core.ApplicationContext.log SessionListener: contextInitialized()
30-May-2026 03:26:55.307 INFO [main] org.apache.catalina.core.ApplicationContext.log ContextListener: attributeAdded('StockTicker', 'async.Stockticker@74cec793')
30-May-2026 03:43:29.045 INFO [main] org.apache.catalina.core.ApplicationContext.log SessionListener: contextDestroyed()
30-May-2026 03:43:29.046 INFO [main] org.apache.catalina.core.ApplicationContext.log ContextListener: contextDestroyed()
